// Jest Snapshot v1, https://goo.gl/fbAQLP

exports[`Pruebas en <FirstApp /> debe hacer match con el snapshot 1`] = `
<div>
  <h1>
    Hola, soy Goku
  </h1>
  <h2>
    No hay subtitulo
  </h2>
  <p>
    Cinlo Losada
  </p>
</div>
`;
